Microchip MPLAB XC8 Compiler V2.50

Linker command line:

-W-3 \
  --edf=C:\Program Files\Microchip\xc8\v2.50\pic\dat\20240725155939_en.msgs \
  -cn -h+dist/default/debug\P_FINAL.X.debug.sym \
  --cmf=dist/default/debug\P_FINAL.X.debug.cmf -z -Q18F57Q43 \
  -oC:\Users\W11\AppData\Local\Temp\xcAspgs.\driver_tmp_3.o \
  --defsym=__MPLAB_BUILD=1 --fixupoverflow=error \
  -Mdist/default/debug/P_FINAL.X.debug.map \
  --md=C:\Users\W11\AppData\Local\Temp\xcAspgs.\driver_tmp_0.dat -E1 \
  -ver=XC8 Compiler --acfsm=1493 -ACODE=00h-01FFFFh -ACONST=00h-01FFFFh \
  -ASMALLCONST=02600h-026FFhx474 \
  -AMEDIUMCONST=02600h-0FFFFh,012600h-01FFFFh -ACOMRAM=0501h-055Fh \
  -AABS1=0500h-024FFh -ABIGRAM=0501h-024FFh \
  -ARAM=0560h-05FFh,0600h-06FFhx31 -ABANK5=0560h-05FFh -ABANK6=0600h-06FFh \
  -ABANK7=0700h-07FFh -ABANK8=0800h-08FFh -ABANK9=0900h-09FFh \
  -ABANK10=0A00h-0AFFh -ABANK11=0B00h-0BFFh -ABANK12=0C00h-0CFFh \
  -ABANK13=0D00h-0DFFh -ABANK14=0E00h-0EFFh -ABANK15=0F00h-0FFFh \
  -ABANK16=01000h-010FFh -ABANK17=01100h-011FFh -ABANK18=01200h-012FFh \
  -ABANK19=01300h-013FFh -ABANK20=01400h-014FFh -ABANK21=01500h-015FFh \
  -ABANK22=01600h-016FFh -ABANK23=01700h-017FFh -ABANK24=01800h-018FFh \
  -ABANK25=01900h-019FFh -ABANK26=01A00h-01AFFh -ABANK27=01B00h-01BFFh \
  -ABANK28=01C00h-01CFFh -ABANK29=01D00h-01DFFh -ABANK30=01E00h-01EFFh \
  -ABANK31=01F00h-01FFFh -ABANK32=02000h-020FFh -ABANK33=02100h-021FFh \
  -ABANK34=02200h-022FFh -ABANK35=02300h-023FFh -ABANK36=02400h-024FFh \
  -ASFR=00h-0FFhx4,0400h-045Fh,0460h-04FFh,02500h-025FFh \
  -ABIGSFR=00h-04FFh,02500h-025FFh -ACONFIG=0300000h-0300011h \
  -AIDLOC=0200000h-020003Fh -AEEDATA=0380000h-03803FFh -peeprom_data=EEDATA \
  -preset_vec=00h -ppowerup=CODE,init -pramtop=02600h \
  -psmallconst=SMALLCONST -pmediumconst=MEDIUMCONST -pconst=CONST \
  -AFARRAM=00h-00h \
  -prdata=COMRAM,nvrram=COMRAM,nvbit=COMRAM,rbss=COMRAM,rbit=COMRAM \
  -pfarbss=FARRAM,fardata=FARRAM,nvFARRAM=FARRAM \
  -pintsave_regs=BIGRAM,bigbss=BIGRAM,bigdata=BIGRAM -pbss=RAM \
  -pidata=CODE,irdata=CODE,ibigdata=CODE,ifardata=CODE -prparam=COMRAM \
  C:\Users\W11\AppData\Local\Temp\xcAspgs.\driver_tmp_14.o \
  dist/default/debug\P_FINAL.X.debug.o 

Object code version is 3.11

Machine type is 18F57Q43



                Name                               Link     Load   Length Selector   Space Scale
C:\Users\W11\AppData\Local\Temp\xcAspgs.\driver_tmp_14.o
                config                           300000   300000        A        0       4
                init                              1FFFC    1FFFC        4     FFFE       0
                reset_vec                             0        0        4        0       0
dist/default/debug\P_FINAL.X.debug.o
                config                           300000   300000        A        0       4
                mediumconst                        FE6A     FE6A      196     7F35       0
                text68                            170EA    170EA       1C     8000       0
                text67                            16A50    16A50       72     8000       0
                text66                            16FB0    16FB0       32     8000       0
                text65                            16D8A    16D8A       50     8000       0
                text64                            170CE    170CE       1C     8000       0
                text63                            16F7E    16F7E       32     8000       0
                text62                            17170    17170        8     8000       0
                text61                            17168    17168        8     8000       0
                text60                            16FE2    16FE2       30     8000       0
                text59                            16C98    16C98       52     8000       0
                text58                            17040    17040       2C     8000       0
                text57                            1714A    1714A       10     8000       0
                text56                            17106    17106       1A     8000       0
                text55                            15F50    15F50      116     8000       0
                text54                            16066    16066      112     8000       0
                text53                            16382    16382      104     8000       0
                text52                            16F4C    16F4C       32     8000       0
                text51                            15E1E    15E1E      132     8000       0
                text50                            15B7C    15B7C      16E     8000       0
                text49                            17138    17138       12     8000       0
                text48                            14ECE    14ECE      26E     8000       0
                text47                            15CEA    15CEA      134     8000       0
                text46                            17012    17012       2E     8000       0
                text45                            159C8    159C8      1B4     8000       0
                text44                            14B3C    14B3C      392     8000       0
                text43                            13F6E    13F6E      426     8000       0
                text42                            16EDE    16EDE       38     8000       0
                text41                            13636    13636      4B6     8000       0
                text40                            16DDA    16DDA       48     8000       0
                text39                            16486    16486       FE     8000       0
                text38                            16F16    16F16       36     8000       0
                text37                            117B6    117B6      77A     8000       0
                text36                            12680    12680      5BE     8000       0
                text35                            14394    14394      3DE     8000       0
                text34                            11F30    11F30      750     8000       0
                text33                            1627E    1627E      104     8000       0
                text32                            157CA    157CA      1FE     8000       0
                text31                            16178    16178      106     8000       0
                text30                            14772    14772      3CA     8000       0
                text29                            15382    15382      232     8000       0
                text28                            1314C    1314C      4EA     8000       0
                text27                            12C3E    12C3E      50E     8000       0
                text26                            10000    10000      DBE     8000       0
                text25                            16B92    16B92       5A     8000       0
                text24                            16B30    16B30       62     8000       0
                text23                            168B2    168B2       A4     8000       0
                text22                            1715A    1715A        E     8000       0
                text21                            17092    17092       20     8000       0
                text20                            16956    16956       80     8000       0
                text19                            1706C    1706C       26     8000       0
                text18                            16584    16584       EE     8000       0
                text17                            17120    17120       18     8000       0
                text16                            169D6    169D6       7A     8000       0
                text15                            170B2    170B2       1C     8000       0
                text14                            16808    16808       AA     8000       0
                text13                            155B4    155B4      216     8000       0
                text12                            16C42    16C42       56     8000       0
                text11                            16D3A    16D3A       50     8000       0
                text10                            17178    17178        2     8000       0
                text9                             1673E    1673E       CA     8000       0
                text8                             16E22    16E22       44     8000       0
                text7                             16AC2    16AC2       6E     8000       0
                text6                             16EA2    16EA2       3C     8000       0
                text5                             10DBE    10DBE      9F8     8000       0
                text4                             16672    16672       CC     8000       0
                text3                             1513C    1513C      246     8000       0
                text2                             16BEC    16BEC       56     8000       0
                text1                             16CEA    16CEA       50     8000       0
                text0                             13AEC    13AEC      482     8000       0
                cstackCOMRAM                        501      501       5E      501       1
                cstackBANK5                         560      560       A0      560       1
                cstackBANK6                         600      600       AF      600       1
                bssBANK8                            800      800       50      800       1
                bssBANK7                            700      700       E7      700       1
                bssBANK6                            6AF      6AF       50      600       1
                dataCOMRAM                          55F      55F        1      501       1
                cinit                             16E66    16E66       3C     8000       0
                idataCOMRAM                       1717A    1717A        1     8000       0

TOTAL           Name                               Link     Load   Length     Space
        CLASS   CODE           
                init                              1FFFC    1FFFC        4         0
                reset_vec                             0        0        4         0
                text68                            170EA    170EA       1C         0
                text67                            16A50    16A50       72         0
                text66                            16FB0    16FB0       32         0
                text65                            16D8A    16D8A       50         0
                text64                            170CE    170CE       1C         0
                text63                            16F7E    16F7E       32         0
                text62                            17170    17170        8         0
                text61                            17168    17168        8         0
                text60                            16FE2    16FE2       30         0
                text59                            16C98    16C98       52         0
                text58                            17040    17040       2C         0
                text57                            1714A    1714A       10         0
                text56                            17106    17106       1A         0
                text55                            15F50    15F50      116         0
                text54                            16066    16066      112         0
                text53                            16382    16382      104         0
                text52                            16F4C    16F4C       32         0
                text51                            15E1E    15E1E      132         0
                text50                            15B7C    15B7C      16E         0
                text49                            17138    17138       12         0
                text48                            14ECE    14ECE      26E         0
                text47                            15CEA    15CEA      134         0
                text46                            17012    17012       2E         0
                text45                            159C8    159C8      1B4         0
                text44                            14B3C    14B3C      392         0
                text43                            13F6E    13F6E      426         0
                text42                            16EDE    16EDE       38         0
                text41                            13636    13636      4B6         0
                text40                            16DDA    16DDA       48         0
                text39                            16486    16486       FE         0
                text38                            16F16    16F16       36         0
                text37                            117B6    117B6      77A         0
                text36                            12680    12680      5BE         0
                text35                            14394    14394      3DE         0
                text34                            11F30    11F30      750         0
                text33                            1627E    1627E      104         0
                text32                            157CA    157CA      1FE         0
                text31                            16178    16178      106         0
                text30                            14772    14772      3CA         0
                text29                            15382    15382      232         0
                text28                            1314C    1314C      4EA         0
                text27                            12C3E    12C3E      50E         0
                text26                            10000    10000      DBE         0
                text25                            16B92    16B92       5A         0
                text24                            16B30    16B30       62         0
                text23                            168B2    168B2       A4         0
                text22                            1715A    1715A        E         0
                text21                            17092    17092       20         0
                text20                            16956    16956       80         0
                text19                            1706C    1706C       26         0
                text18                            16584    16584       EE         0
                text17                            17120    17120       18         0
                text16                            169D6    169D6       7A         0
                text15                            170B2    170B2       1C         0
                text14                            16808    16808       AA         0
                text13                            155B4    155B4      216         0
                text12                            16C42    16C42       56         0
                text11                            16D3A    16D3A       50         0
                text10                            17178    17178        2         0
                text9                             1673E    1673E       CA         0
                text8                             16E22    16E22       44         0
                text7                             16AC2    16AC2       6E         0
                text6                             16EA2    16EA2       3C         0
                text5                             10DBE    10DBE      9F8         0
                text4                             16672    16672       CC         0
                text3                             1513C    1513C      246         0
                text2                             16BEC    16BEC       56         0
                text1                             16CEA    16CEA       50         0
                text0                             13AEC    13AEC      482         0
                cinit                             16E66    16E66       3C         0
                idataCOMRAM                       1717A    1717A        1         0

        CLASS   CONST          

        CLASS   SMALLCONST     

        CLASS   MEDIUMCONST    
                mediumconst                        FE6A     FE6A      196         0

        CLASS   COMRAM         
                cstackCOMRAM                        501      501       5E         1
                dataCOMRAM                          55F      55F        1         1

        CLASS   ABS1           

        CLASS   BIGRAM         

        CLASS   RAM            

        CLASS   BANK5          
                cstackBANK5                         560      560       A0         1

        CLASS   BANK6          
                cstackBANK6                         600      600       AF         1
                bssBANK6                            6AF      6AF       50         1

        CLASS   BANK7          
                bssBANK7                            700      700       E7         1

        CLASS   BANK8          
                bssBANK8                            800      800       50         1

        CLASS   BANK9          

        CLASS   BANK10         

        CLASS   BANK11         

        CLASS   BANK12         

        CLASS   BANK13         

        CLASS   BANK14         

        CLASS   BANK15         

        CLASS   BANK16         

        CLASS   BANK17         

        CLASS   BANK18         

        CLASS   BANK19         

        CLASS   BANK20         

        CLASS   BANK21         

        CLASS   BANK22         

        CLASS   BANK23         

        CLASS   BANK24         

        CLASS   BANK25         

        CLASS   BANK26         

        CLASS   BANK27         

        CLASS   BANK28         

        CLASS   BANK29         

        CLASS   BANK30         

        CLASS   BANK31         

        CLASS   BANK32         

        CLASS   BANK33         

        CLASS   BANK34         

        CLASS   BANK35         

        CLASS   BANK36         

        CLASS   SFR            

        CLASS   BIGSFR         

        CLASS   CONFIG         
                config                           300000   300000        A         4

        CLASS   IDLOC          

        CLASS   EEDATA         

        CLASS   FARRAM         

        CLASS   HEAP           

        CLASS   STACK          



SEGMENTS        Name                           Load    Length   Top    Selector   Space  Class

                reset_vec                      000000  000004  000004         0       0  CODE    
                cstackCOMRAM                   000501  00005F  000560       501       1  COMRAM  
                cstackBANK5                    000560  0000A0  000600       560       1  BANK5   
                cstackBANK6                    000600  0000FF  0006FF       600       1  BANK6   
                bssBANK7                       000700  0000E7  0007E7       700       1  BANK7   
                bssBANK8                       000800  000050  000850       800       1  BANK8   
                mediumconst                    00FE6A  000196  010000      7F35       0  MEDIUMCO
                text26                         010000  00717B  01717B      8000       0  CODE    
                init                           01FFFC  000004  020000      FFFE       0  CODE    


UNUSED ADDRESS RANGES

        Name                Unused          Largest block    Delta
        BANK10           000A00-000AFF              100
        BANK11           000B00-000BFF              100
        BANK12           000C00-000CFF              100
        BANK13           000D00-000DFF              100
        BANK14           000E00-000EFF              100
        BANK15           000F00-000FFF              100
        BANK16           001000-0010FF              100
        BANK17           001100-0011FF              100
        BANK18           001200-0012FF              100
        BANK19           001300-0013FF              100
        BANK20           001400-0014FF              100
        BANK21           001500-0015FF              100
        BANK22           001600-0016FF              100
        BANK23           001700-0017FF              100
        BANK24           001800-0018FF              100
        BANK25           001900-0019FF              100
        BANK26           001A00-001AFF              100
        BANK27           001B00-001BFF              100
        BANK28           001C00-001CFF              100
        BANK29           001D00-001DFF              100
        BANK30           001E00-001EFF              100
        BANK31           001F00-001FFF              100
        BANK32           002000-0020FF              100
        BANK33           002100-0021FF              100
        BANK34           002200-0022FF              100
        BANK35           002300-0023FF              100
        BANK36           002400-0024FF              100
        BANK6            0006FF-0006FF                1
        BANK7            0007E7-0007FF               19
        BANK8            000850-0008FF               B0
        BANK9            000900-0009FF              100
        BIGRAM           0006FF-0006FF                1
                         0007E7-0007FF               19
                         000850-0024FF             1CB0
        BIGSFR           000000-0004FF              500
                         002500-0025FF              100
        CODE             000004-00FE69             FE66
                         01717B-01FFFB             8E81
        CONFIG           30000A-300011                8
        CONST            000004-00FE69             FE66
                         01717B-01FFFB             8E81
        EEDATA           380000-3803FF              400
        IDLOC            200000-20003F               40
        MEDIUMCONST      002600-00FE69             D86A
                         01717B-01FFFB             8E81
        RAM              0006FF-0006FF                1
                         0007E7-0007FF               19
                         000850-0024FF              100
        SFR              000000-0004FF              100
                         002500-0025FF              100
        SMALLCONST       002600-00FE69              100
                         01717B-01FFFB              100

                                  Symbol Table

?_GetTimestamp_ms                  cstackCOMRAM 000501
?_MPU6050_CombineBytes             cstackCOMRAM 000501
?___cosdf                          cstackCOMRAM 00052E
?___fladd                          cstackCOMRAM 00051E
?___fldiv                          cstackCOMRAM 000553
?___flmul                          cstackCOMRAM 000505
?___flneg                          cstackCOMRAM 000501
?___flsub                          cstackBANK5  00056D
?___fltol                          cstackCOMRAM 00052E
?___fpclassifyf                    cstackCOMRAM 000501
?___rem_pio2f                      cstackBANK5  000575
?___sindf                          cstackBANK5  000575
?___xxtofl                         cstackCOMRAM 000501
?_atan2f                           cstackBANK5  0005A3
?_atanf                            cstackBANK5  000575
?_cosf                             cstackBANK5  000596
?_fabsf                            cstackBANK5  00056D
?_floorf                           cstackBANK5  00056D
?_labs                             cstackCOMRAM 000501
?_read_prec_or_width               cstackCOMRAM 000501
?_sinf                             cstackBANK5  000596
?_sprintf                          cstackBANK5  0005CD
?_sqrtf                            cstackCOMRAM 00052E
?_vfprintf                         cstackBANK5  0005C5
CURSOR_ONOFF@estado                cstackCOMRAM 000504
ENVIA_CHAR@aux                     cstackCOMRAM 000503
ENVIA_CHAR@dato                    cstackCOMRAM 000502
ENVIA_LCD_CMD@aux                  cstackCOMRAM 000503
ENVIA_LCD_CMD@dato                 cstackCOMRAM 000502
ENVIA_NIBBLE@dato                  cstackCOMRAM 000501
ESCRIBE_MENSAJE@cadena             cstackCOMRAM 000504
ESCRIBE_MENSAJE@i                  cstackCOMRAM 000509
ESCRIBE_MENSAJE@tam                cstackCOMRAM 000506
GetTimestamp_ms@timestamp          bssBANK6     0006F9
LEER_LCD@aux                       cstackCOMRAM 000501
MPU6050_CombineBytes@high          cstackCOMRAM 000505
MPU6050_CombineBytes@low           cstackCOMRAM 000501
MPU6050_DMP_GetData@current_time   cstackBANK6  00062C
MPU6050_DMP_GetData@dt             cstackBANK6  000600
MPU6050_DMP_GetData@last_read_time bssBANK6     0006FB
MPU6050_DMP_GetData@pitch_rad      cstackBANK6  000656
MPU6050_DMP_GetData@quat           cstackBANK5  0005FC
MPU6050_DMP_GetData@roll_rad       cstackBANK6  000652
MPU6050_DMP_GetData@sensor_data    cstackBANK6  00065E
MPU6050_DMP_GetData@yaw_integral   bssBANK6     0006F1
MPU6050_DMP_GetData@yaw_rad        cstackBANK6  00065A
MPU6050_DMP_GetData@ypr            cstackBANK5  0005FA
MPU6050_ReadAll@data               cstackBANK5  0005CC
MPU6050_ReadAll@raw_ax             cstackBANK5  0005E8
MPU6050_ReadAll@raw_ay             cstackBANK5  0005EA
MPU6050_ReadAll@raw_az             cstackBANK5  0005EC
MPU6050_ReadAll@raw_data           cstackBANK5  0005DA
MPU6050_ReadAll@raw_gx             cstackBANK5  0005F0
MPU6050_ReadAll@raw_gy             cstackBANK5  0005F2
MPU6050_ReadAll@raw_gz             cstackBANK5  0005F4
MPU6050_ReadAll@raw_temp           cstackBANK5  0005EE
MPU6050_ReadRegister@reg           cstackCOMRAM 00050C
MPU6050_ReadRegisters@data         cstackCOMRAM 000513
MPU6050_ReadRegisters@length       cstackCOMRAM 000515
MPU6050_ReadRegisters@reg          cstackCOMRAM 000516
MPU6050_TestConnection@who_am_i    cstackCOMRAM 00050D
MPU6050_WriteRegister@data         cstackCOMRAM 00050A
MPU6050_WriteRegister@reg          cstackCOMRAM 00050B
MovingAverage_Reset@filter         cstackCOMRAM 000501
MovingAverage_Reset@i              cstackCOMRAM 000505
POS_CURSOR@columna                 cstackCOMRAM 000504
POS_CURSOR@fila                    cstackCOMRAM 000505
SW_I2C_ReadBlock@data              cstackCOMRAM 000509
SW_I2C_ReadBlock@device_addr       cstackCOMRAM 000510
SW_I2C_ReadBlock@i                 cstackCOMRAM 000511
SW_I2C_ReadBlock@length            cstackCOMRAM 00050B
SW_I2C_ReadBlock@reg_addr          cstackCOMRAM 000508
SW_I2C_ReadBlock@result            cstackCOMRAM 000512
SW_I2C_ReadByte@ack                cstackCOMRAM 000505
SW_I2C_ReadByte@data               cstackCOMRAM 000506
SW_I2C_ReadByte@i                  cstackCOMRAM 000507
SW_I2C_ReadRegister@data           cstackCOMRAM 000509
SW_I2C_ReadRegister@device_addr    cstackCOMRAM 00050A
SW_I2C_ReadRegister@reg_addr       cstackCOMRAM 000508
SW_I2C_ReadRegister@result         cstackCOMRAM 00050B
SW_I2C_WriteByte@ack               cstackCOMRAM 000504
SW_I2C_WriteByte@data              cstackCOMRAM 000503
SW_I2C_WriteByte@i                 cstackCOMRAM 000505
SW_I2C_WriteRegister@data          cstackCOMRAM 000507
SW_I2C_WriteRegister@device_addr   cstackCOMRAM 000508
SW_I2C_WriteRegister@reg_addr      cstackCOMRAM 000506
SW_I2C_WriteRegister@result        cstackCOMRAM 000509
_ANSELBbits                        (abs)        000408
_ANSELCbits                        (abs)        000410
_ANSELD                            (abs)        000418
_ANSELFbits                        (abs)        000428
_BORRAR_LCD                        text62       017170
_CURSOR_HOME                       text61       017168
_CURSOR_ONOFF                      text60       016FE2
_ENVIA_CHAR                        text66       016FB0
_ENVIA_LCD_CMD                     text63       016F7E
_ENVIA_NIBBLE                      text68       0170EA
_ESCRIBE_MENSAJE                   text65       016D8A
_GetTimestamp_ms                   text57       01714A
_I2C1CLK                           (abs)        00029C
_I2C1CNT                           (abs)        00028D
_I2C1CON0                          (abs)        000294
_I2C1CON0bits                      (abs)        000294
_I2C1CON1                          (abs)        000295
_I2C1CON1bits                      (abs)        000295
_I2C1CON2                          (abs)        000296
_I2C1ERR                           (abs)        000297
_I2C1ERRbits                       (abs)        000297
_I2C1PIE                           (abs)        00029B
_I2C1PIEbits                       (abs)        00029B
_I2C1PIR                           (abs)        00029A
_I2C1PIRbits                       (abs)        00029A
_I2C1RXB                           (abs)        00028B
_I2C1SCLPPS                        (abs)        000271
_I2C1SDAPPS                        (abs)        000270
_I2C1STAT1bits                     (abs)        000299
_I2C1TXB                           (abs)        00028C
_I2C1_CallbackReturnReset          (abs)        000000
_I2C1_CallbackReturnStop           (abs)        000000
_I2C1_DO_ADDRESS_NACK              (abs)        000000
_I2C1_DO_BUS_COLLISION             (abs)        000000
_I2C1_DO_BUS_ERROR                 (abs)        000000
_I2C1_DO_IDLE                      (abs)        000000
_I2C1_DO_RESET                     (abs)        000000
_I2C1_DO_RX                        (abs)        000000
_I2C1_DO_RX_ACK                    (abs)        000000
_I2C1_DO_RX_EMPTY                  (abs)        000000
_I2C1_DO_RX_NACK_RESTART           (abs)        000000
_I2C1_DO_RX_NACK_STOP              (abs)        000000
_I2C1_DO_SEND_ADR_READ             (abs)        000000
_I2C1_DO_SEND_ADR_WRITE            (abs)        000000
_I2C1_DO_SEND_RESTART              (abs)        000000
_I2C1_DO_SEND_RESTART_READ         (abs)        000000
_I2C1_DO_SEND_RESTART_WRITE        (abs)        000000
_I2C1_DO_SEND_STOP                 (abs)        000000
_I2C1_DO_TX                        (abs)        000000
_I2C1_DO_TX_ACK                    (abs)        000000
_I2C1_DO_TX_EMPTY                  (abs)        000000
_I2C1_Initialize                   text64       0170CE
_I2C1_Status                       bssBANK6     0006AF
_LATBbits                          (abs)        0004BF
_LATD                              (abs)        0004C1
_LATDbits                          (abs)        0004C1
_LATFbits                          (abs)        0004C3
_LCD_CONFIG                        text59       016C98
_LCD_init                          text58       017040
_LEER_LCD                          text67       016A50
_MPU6050_CombineBytes              text56       017106
_MPU6050_DMP_GetData               text26       010000
_MPU6050_DMP_GetData$3463          cstackBANK6  000628
_MPU6050_DMP_GetData$3464          cstackBANK6  000604
_MPU6050_DMP_GetData$3465          cstackBANK6  000608
_MPU6050_DMP_GetData$3466          cstackBANK6  00060C
_MPU6050_DMP_GetData$3467          cstackBANK6  00062E
_MPU6050_DMP_GetData$3468          cstackBANK6  000632
_MPU6050_DMP_GetData$3469          cstackBANK6  000636
_MPU6050_DMP_GetData$3470          cstackBANK6  00063A
_MPU6050_DMP_GetData$3471          cstackBANK6  00064A
_MPU6050_DMP_GetData$3472          cstackBANK6  00063E
_MPU6050_DMP_GetData$3473          cstackBANK6  000642
_MPU6050_DMP_GetData$3474          cstackBANK6  000646
_MPU6050_DMP_GetData$3475          cstackBANK6  00064E
_MPU6050_DMP_GetData$3476          cstackBANK6  000610
_MPU6050_DMP_GetData$3477          cstackBANK6  000614
_MPU6050_DMP_GetData$3478          cstackBANK6  000618
_MPU6050_DMP_GetData$3479          cstackBANK6  00061C
_MPU6050_DMP_GetData$3480          cstackBANK6  000620
_MPU6050_DMP_GetData$3481          cstackBANK6  000624
_MPU6050_DMP_Init                  text17       017120
_MPU6050_Init                      text18       016584
_MPU6050_Movement_Init             text24       016B30
_MPU6050_ReadAll                   text34       011F30
_MPU6050_ReadAll$3482              cstackBANK5  0005F6
_MPU6050_ReadAll$3483              cstackBANK5  0005CE
_MPU6050_ReadAll$3484              cstackBANK5  0005D2
_MPU6050_ReadAll$3485              cstackBANK5  0005D6
_MPU6050_ReadRegister              text22       01715A
_MPU6050_ReadRegisters             text46       017012
_MPU6050_TestConnection            text21       017092
_MPU6050_WriteRegister             text19       01706C
_MovingAverage_Reset               text25       016B92
_ODCONBbits                        (abs)        00040A
_ODCONCbits                        (abs)        000412
_OSCCON1                           (abs)        0000AD
_OSCCON3                           (abs)        0000AF
_OSCEN                             (abs)        0000B3
_OSCFRQ                            (abs)        0000B1
_PIE7bits                          (abs)        0004A5
_PIR7bits                          (abs)        0004B5
_PORTBbits                         (abs)        0004CF
_PORTD                             (abs)        0004D1
_POS_CURSOR                        text16       0169D6
_RC2PPS                            (abs)        000213
_RC5PPS                            (abs)        000216
_RC6PPS                            (abs)        000217
_SW_I2C_IsBusFree                  text52       016F4C
_SW_I2C_IsBusFree$1645             cstackCOMRAM 000501
_SW_I2C_ReadBlock                  text47       015CEA
_SW_I2C_ReadByte                   text53       016382
_SW_I2C_ReadRegister               text23       0168B2
_SW_I2C_Restart                    text49       017138
_SW_I2C_SendAck                    text55       015F50
_SW_I2C_SendNack                   text54       016066
_SW_I2C_Start                      text51       015E1E
_SW_I2C_Stop                       text50       015B7C
_SW_I2C_WriteByte                  text48       014ECE
_SW_I2C_WriteRegister              text20       016956
_TRISBbits                         (abs)        0004C7
_TRISCbits                         (abs)        0004C8
_TRISD                             (abs)        0004C9
_TRISDbits                         (abs)        0004C9
_TRISFbits                         (abs)        0004CB
_U1RXPPS                           (abs)        000272
_WPUBbits                          (abs)        000409
_WPUCbits                          (abs)        000411
_WPUD                              (abs)        000419
_WPUDbits                          (abs)        000419
__HRAM                             (abs)        000000
__H__absolute__                    __absolute__ 000000
__Habs1                            abs1         000000
__Hbank10                          bank10       000000
__Hbank11                          bank11       000000
__Hbank12                          bank12       000000
__Hbank13                          bank13       000000
__Hbank14                          bank14       000000
__Hbank15                          bank15       000000
__Hbank16                          bank16       000000
__Hbank17                          bank17       000000
__Hbank18                          bank18       000000
__Hbank19                          bank19       000000
__Hbank20                          bank20       000000
__Hbank21                          bank21       000000
__Hbank22                          bank22       000000
__Hbank23                          bank23       000000
__Hbank24                          bank24       000000
__Hbank25                          bank25       000000
__Hbank26                          bank26       000000
__Hbank27                          bank27       000000
__Hbank28                          bank28       000000
__Hbank29                          bank29       000000
__Hbank30                          bank30       000000
__Hbank31                          bank31       000000
__Hbank32                          bank32       000000
__Hbank33                          bank33       000000
__Hbank34                          bank34       000000
__Hbank35                          bank35       000000
__Hbank36                          bank36       000000
__Hbank5                           bank5        000000
__Hbank6                           bank6        000000
__Hbank7                           bank7        000000
__Hbank8                           bank8        000000
__Hbank9                           bank9        000000
__Hbigbss                          bigbss       000000
__Hbigdata                         bigdata      000000
__Hbigram                          bigram       000000
__Hbigsfr                          bigsfr       000000
__Hbss                             bss          000000
__HbssBANK6                        bssBANK6     000000
__HbssBANK7                        bssBANK7     000000
__HbssBANK8                        bssBANK8     000000
__Hcinit                           cinit        000000
__Hclrtext                         clrtext      000000
__Hcomram                          comram       000000
__Hconfig                          config       30000A
__Hconst                           const        000000
__HcstackBANK5                     cstackBANK5  000000
__HcstackBANK6                     cstackBANK6  000000
__HcstackCOMRAM                    cstackCOMRAM 000000
__Hdata                            data         000000
__HdataCOMRAM                      dataCOMRAM   000000
__Heeprom_data                     eeprom_data  000000
__Hfarbss                          farbss       000000
__Hfardata                         fardata      000000
__Hheap                            heap         000000
__Hibigdata                        ibigdata     000000
__Hidata                           idata        000000
__HidataCOMRAM                     idataCOMRAM  000000
__Hidloc                           idloc        000000
__Hifardata                        ifardata     000000
__Hinit                            init         020000
__Hintsave_regs                    intsave_regs 000000
__Hirdata                          irdata       000000
__Hmediumconst                     mediumconst  010000
__HnvFARRAM                        nvFARRAM     000000
__Hnvbit                           nvbit        000000
__Hnvrram                          nvrram       000000
__Hparam                           rparam       000000
__Hpowerup                         powerup      000000
__Hram                             ram          000000
__Hramtop                          ramtop       002600
__Hrbit                            rbit         000000
__Hrbss                            rbss         000000
__Hrdata                           rdata        000000
__Hreset_vec                       reset_vec    000004
__Hrparam                          rparam       000000
__Hsfr                             sfr          000000
__Hsmallconst                      smallconst   000000
__Hspace_0                         (abs)        020000
__Hspace_1                         (abs)        000850
__Hspace_2                         (abs)        000000
__Hspace_4                         (abs)        60000A
__Hstack                           stack        000000
__Hstruct                          struct       000000
__Htemp                            temp         000000
__Htext                            text         000000
__Htext0                           text0        000000
__Htext1                           text1        000000
__Htext10                          text10       000000
__Htext11                          text11       000000
__Htext12                          text12       000000
__Htext13                          text13       000000
__Htext14                          text14       000000
__Htext15                          text15       000000
__Htext16                          text16       000000
__Htext17                          text17       000000
__Htext18                          text18       000000
__Htext19                          text19       000000
__Htext2                           text2        000000
__Htext20                          text20       000000
__Htext21                          text21       000000
__Htext22                          text22       000000
__Htext23                          text23       000000
__Htext24                          text24       000000
__Htext25                          text25       000000
__Htext26                          text26       000000
__Htext27                          text27       000000
__Htext28                          text28       000000
__Htext29                          text29       000000
__Htext3                           text3        000000
__Htext30                          text30       000000
__Htext31                          text31       000000
__Htext32                          text32       000000
__Htext33                          text33       000000
__Htext34                          text34       000000
__Htext35                          text35       000000
__Htext36                          text36       000000
__Htext37                          text37       000000
__Htext38                          text38       000000
__Htext39                          text39       000000
__Htext4                           text4        000000
__Htext40                          text40       000000
__Htext41                          text41       000000
__Htext42                          text42       000000
__Htext43                          text43       000000
__Htext44                          text44       000000
__Htext45                          text45       000000
__Htext46                          text46       000000
__Htext47                          text47       000000
__Htext48                          text48       000000
__Htext49                          text49       000000
__Htext5                           text5        000000
__Htext50                          text50       000000
__Htext51                          text51       000000
__Htext52                          text52       000000
__Htext53                          text53       000000
__Htext54                          text54       000000
__Htext55                          text55       000000
__Htext56                          text56       000000
__Htext57                          text57       000000
__Htext58                          text58       000000
__Htext59                          text59       000000
__Htext6                           text6        000000
__Htext60                          text60       000000
__Htext61                          text61       000000
__Htext62                          text62       000000
__Htext63                          text63       000000
__Htext64                          text64       000000
__Htext65                          text65       000000
__Htext66                          text66       000000
__Htext67                          text67       000000
__Htext68                          text68       000000
__Htext7                           text7        000000
__Htext8                           text8        000000
__Htext9                           text9        000000
__LRAM                             (abs)        000001
__L__absolute__                    __absolute__ 000000
__Labs1                            abs1         000000
__Lbank10                          bank10       000000
__Lbank11                          bank11       000000
__Lbank12                          bank12       000000
__Lbank13                          bank13       000000
__Lbank14                          bank14       000000
__Lbank15                          bank15       000000
__Lbank16                          bank16       000000
__Lbank17                          bank17       000000
__Lbank18                          bank18       000000
__Lbank19                          bank19       000000
__Lbank20                          bank20       000000
__Lbank21                          bank21       000000
__Lbank22                          bank22       000000
__Lbank23                          bank23       000000
__Lbank24                          bank24       000000
__Lbank25                          bank25       000000
__Lbank26                          bank26       000000
__Lbank27                          bank27       000000
__Lbank28                          bank28       000000
__Lbank29                          bank29       000000
__Lbank30                          bank30       000000
__Lbank31                          bank31       000000
__Lbank32                          bank32       000000
__Lbank33                          bank33       000000
__Lbank34                          bank34       000000
__Lbank35                          bank35       000000
__Lbank36                          bank36       000000
__Lbank5                           bank5        000000
__Lbank6                           bank6        000000
__Lbank7                           bank7        000000
__Lbank8                           bank8        000000
__Lbank9                           bank9        000000
__Lbigbss                          bigbss       000000
__Lbigdata                         bigdata      000000
__Lbigram                          bigram       000000
__Lbigsfr                          bigsfr       000000
__Lbss                             bss          000000
__LbssBANK6                        bssBANK6     000000
__LbssBANK7                        bssBANK7     000000
__LbssBANK8                        bssBANK8     000000
__Lcinit                           cinit        000000
__Lclrtext                         clrtext      000000
__Lcomram                          comram       000000
__Lconfig                          config       000000
__Lconst                           const        000000
__LcstackBANK5                     cstackBANK5  000000
__LcstackBANK6                     cstackBANK6  000000
__LcstackCOMRAM                    cstackCOMRAM 000000
__Ldata                            data         000000
__LdataCOMRAM                      dataCOMRAM   000000
__Leeprom_data                     eeprom_data  000000
__Lfarbss                          farbss       000000
__Lfardata                         fardata      000000
__Lheap                            heap         000000
__Libigdata                        ibigdata     000000
__Lidata                           idata        000000
__LidataCOMRAM                     idataCOMRAM  000000
__Lidloc                           idloc        000000
__Lifardata                        ifardata     000000
__Linit                            init         01FFFC
__Lintsave_regs                    intsave_regs 000000
__Lirdata                          irdata       000000
__Lmediumconst                     mediumconst  00FE6A
__LnvFARRAM                        nvFARRAM     000000
__Lnvbit                           nvbit        000000
__Lnvrram                          nvrram       000000
__Lparam                           rparam       000000
__Lpowerup                         powerup      000000
__Lram                             ram          000000
__Lramtop                          ramtop       002600
__Lrbit                            rbit         000000
__Lrbss                            rbss         000000
__Lrdata                           rdata        000000
__Lreset_vec                       reset_vec    000000
__Lrparam                          rparam       000000
__Lsfr                             sfr          000000
__Lsmallconst                      smallconst   000000
__Lspace_0                         (abs)        000000
__Lspace_1                         (abs)        000000
__Lspace_2                         (abs)        000000
__Lspace_4                         (abs)        000000
__Lstack                           stack        000000
__Lstruct                          struct       000000
__Ltemp                            temp         000000
__Ltext                            text         000000
__Ltext0                           text0        000000
__Ltext1                           text1        000000
__Ltext10                          text10       000000
__Ltext11                          text11       000000
__Ltext12                          text12       000000
__Ltext13                          text13       000000
__Ltext14                          text14       000000
__Ltext15                          text15       000000
__Ltext16                          text16       000000
__Ltext17                          text17       000000
__Ltext18                          text18       000000
__Ltext19                          text19       000000
__Ltext2                           text2        000000
__Ltext20                          text20       000000
__Ltext21                          text21       000000
__Ltext22                          text22       000000
__Ltext23                          text23       000000
__Ltext24                          text24       000000
__Ltext25                          text25       000000
__Ltext26                          text26       000000
__Ltext27                          text27       000000
__Ltext28                          text28       000000
__Ltext29                          text29       000000
__Ltext3                           text3        000000
__Ltext30                          text30       000000
__Ltext31                          text31       000000
__Ltext32                          text32       000000
__Ltext33                          text33       000000
__Ltext34                          text34       000000
__Ltext35                          text35       000000
__Ltext36                          text36       000000
__Ltext37                          text37       000000
__Ltext38                          text38       000000
__Ltext39                          text39       000000
__Ltext4                           text4        000000
__Ltext40                          text40       000000
__Ltext41                          text41       000000
__Ltext42                          text42       000000
__Ltext43                          text43       000000
__Ltext44                          text44       000000
__Ltext45                          text45       000000
__Ltext46                          text46       000000
__Ltext47                          text47       000000
__Ltext48                          text48       000000
__Ltext49                          text49       000000
__Ltext5                           text5        000000
__Ltext50                          text50       000000
__Ltext51                          text51       000000
__Ltext52                          text52       000000
__Ltext53                          text53       000000
__Ltext54                          text54       000000
__Ltext55                          text55       000000
__Ltext56                          text56       000000
__Ltext57                          text57       000000
__Ltext58                          text58       000000
__Ltext59                          text59       000000
__Ltext6                           text6        000000
__Ltext60                          text60       000000
__Ltext61                          text61       000000
__Ltext62                          text62       000000
__Ltext63                          text63       000000
__Ltext64                          text64       000000
__Ltext65                          text65       000000
__Ltext66                          text66       000000
__Ltext67                          text67       000000
__Ltext68                          text68       000000
__Ltext7                           text7        000000
__Ltext8                           text8        000000
__Ltext9                           text9        000000
__S0                               (abs)        020000
__S1                               (abs)        000850
__S4                               (abs)        000000
__S5                               (abs)        000000
___cosdf                           text32       0157CA
___cosdf$3496                      cstackCOMRAM 000536
___cosdf$3497                      cstackCOMRAM 00053A
___cosdf$3498                      cstackCOMRAM 00053E
___cosdf@r                         cstackCOMRAM 000532
___cosdf@w                         cstackCOMRAM 000542
___cosdf@x                         cstackCOMRAM 00052E
___cosdf@z                         cstackCOMRAM 000546
___fladd                           text41       013636
___fladd@a                         cstackCOMRAM 000522
___fladd@aexp                      cstackCOMRAM 00052B
___fladd@b                         cstackCOMRAM 00051E
___fladd@bexp                      cstackCOMRAM 00052C
___fladd@grs                       cstackCOMRAM 00052D
___fladd@signs                     cstackCOMRAM 00052A
___fldiv                           text44       014B3C
___fldiv@a                         cstackCOMRAM 000557
___fldiv@aexp                      cstackBANK5  00056C
___fldiv@b                         cstackCOMRAM 000553
___fldiv@bexp                      cstackBANK5  00056B
___fldiv@grs                       cstackBANK5  000567
___fldiv@new_exp                   cstackBANK5  000565
___fldiv@rem                       cstackBANK5  000560
___fldiv@sign                      cstackBANK5  000564
___fleq                            text14       016808
___fleq@ff1                        cstackCOMRAM 000501
___fleq@ff2                        cstackCOMRAM 000505
___flge                            text33       01627E
___flge@ff1                        cstackCOMRAM 00051E
___flge@ff2                        cstackCOMRAM 000522
___flmul                           text43       013F6E
___flmul@a                         cstackCOMRAM 000509
___flmul@aexp                      cstackCOMRAM 000516
___flmul@b                         cstackCOMRAM 000505
___flmul@bexp                      cstackCOMRAM 000517
___flmul@grs                       cstackCOMRAM 000512
___flmul@prod                      cstackCOMRAM 000518
___flmul@sign                      cstackCOMRAM 000511
___flmul@temp                      cstackCOMRAM 00051C
___flneg                           text42       016EDE
___flneg@f1                        cstackCOMRAM 000501
___flsub                           text40       016DDA
___flsub@a                         cstackBANK5  000571
___flsub@b                         cstackBANK5  00056D
___fltol                           text31       016178
___fltol@exp1                      cstackCOMRAM 000537
___fltol@f1                        cstackCOMRAM 00052E
___fltol@sign1                     cstackCOMRAM 000536
___fpclassifyf                     text39       016486
___fpclassifyf@F465                bssBANK7     00070C
___fpclassifyf@e                   cstackCOMRAM 000509
___fpclassifyf@u                   cstackCOMRAM 00050B
___fpclassifyf@x                   cstackCOMRAM 000501
___heap_hi                         (abs)        000000
___heap_lo                         (abs)        000000
___inthi_sp                        stack        000000
___inthi_stack_hi                  stack        000000
___inthi_stack_lo                  stack        000000
___intlo_sp                        stack        000000
___intlo_stack_hi                  stack        000000
___intlo_stack_lo                  stack        000000
___param_bank                      (abs)        000000
___rem_pio2f                       text30       014772
___rem_pio2f$3499                  cstackBANK5  000581
___rem_pio2f@F526                  bssBANK7     000708
___rem_pio2f@fn                    cstackBANK5  00058A
___rem_pio2f@n                     cstackBANK5  000592
___rem_pio2f@sign                  cstackBANK5  000585
___rem_pio2f@t                     cstackBANK5  00058E
___rem_pio2f@ty                    cstackBANK5  00057D
___rem_pio2f@ux                    cstackBANK5  000586
___rem_pio2f@x                     cstackBANK5  000575
___rem_pio2f@y                     cstackBANK5  000579
___rparam_used                     (abs)        000001
___sindf                           text29       015382
___sindf$3500                      cstackBANK5  000581
___sindf$3501                      cstackBANK5  000585
___sindf$3502                      cstackBANK5  000589
___sindf@r                         cstackBANK5  000579
___sindf@s                         cstackBANK5  00058D
___sindf@w                         cstackBANK5  00057D
___sindf@x                         cstackBANK5  000575
___sindf@z                         cstackBANK5  000591
___sp                              stack        000000
___stack_hi                        stack        000000
___stack_lo                        stack        000000
___xxtofl                          text45       0159C8
___xxtofl@arg                      cstackCOMRAM 00050B
___xxtofl@exp                      cstackCOMRAM 00050A
___xxtofl@sign                     cstackCOMRAM 000509
___xxtofl@val                      cstackCOMRAM 000501
__accesstop                        (abs)        000560
__activetblptr                     (abs)        000003
__end_of_BORRAR_LCD                text62       017178
__end_of_C0                        mediumconst  00FF04
__end_of_C1                        mediumconst  00FF00
__end_of_C2                        mediumconst  00FEFC
__end_of_C3                        mediumconst  00FEF8
__end_of_CURSOR_HOME               text61       017170
__end_of_CURSOR_ONOFF              text60       017012
__end_of_ENVIA_CHAR                text66       016FE2
__end_of_ENVIA_LCD_CMD             text63       016FB0
__end_of_ENVIA_NIBBLE              text68       017106
__end_of_ESCRIBE_MENSAJE           text65       016DDA
__end_of_GetTimestamp_ms           text57       01715A
__end_of_I2C1_Initialize           text64       0170EA
__end_of_LCD_CONFIG                text59       016CEA
__end_of_LCD_init                  text58       01706C
__end_of_LEER_LCD                  text67       016AC2
__end_of_MPU6050_CombineBytes      text56       017120
__end_of_MPU6050_DMP_GetData       text26       010DBE
__end_of_MPU6050_DMP_Init          text17       017138
__end_of_MPU6050_Init              text18       016672
__end_of_MPU6050_Movement_Init     text24       016B92
__end_of_MPU6050_ReadAll           text34       012680
__end_of_MPU6050_ReadRegister      text22       017168
__end_of_MPU6050_ReadRegisters     text46       017040
__end_of_MPU6050_TestConnection    text21       0170B2
__end_of_MPU6050_WriteRegister     text19       017092
__end_of_MovingAverage_Reset       text25       016BEC
__end_of_POS_CURSOR                text16       016A50
__end_of_S1                        mediumconst  00FEE4
__end_of_S2                        mediumconst  00FEE0
__end_of_S3                        mediumconst  00FEDC
__end_of_S4                        mediumconst  00FED8
__end_of_SW_I2C_IsBusFree          text52       016F7E
__end_of_SW_I2C_ReadBlock          text47       015E1E
__end_of_SW_I2C_ReadByte           text53       016486
__end_of_SW_I2C_ReadRegister       text23       016956
__end_of_SW_I2C_Restart            text49       01714A
__end_of_SW_I2C_SendAck            text55       016066
__end_of_SW_I2C_SendNack           text54       016178
__end_of_SW_I2C_Start              text51       015F50
__end_of_SW_I2C_Stop               text50       015CEA
__end_of_SW_I2C_WriteByte          text48       01513C
__end_of_SW_I2C_WriteRegister      text20       0169D6
__end_of___cosdf                   text32       0159C8
__end_of___fladd                   text41       013AEC
__end_of___fldiv                   text44       014ECE
__end_of___fleq                    text14       0168B2
__end_of___flge                    text33       016382
__end_of___flmul                   text43       014394
__end_of___flneg                   text42       016F16
__end_of___flsub                   text40       016E22
__end_of___fltol                   text31       01627E
__end_of___fpclassifyf             text39       016584
__end_of___rem_pio2f               text30       014B3C
__end_of___sindf                   text29       0155B4
__end_of___xxtofl                  text45       015B7C
__end_of__initialization           cinit        016E9C
__end_of_aT0                       mediumconst  00FF28
__end_of_aT1                       mediumconst  00FF24
__end_of_aT2                       mediumconst  00FF20
__end_of_aT3                       mediumconst  00FF1C
__end_of_aT4                       mediumconst  00FF18
__end_of_atan2f                    text36       012C3E
__end_of_atanf                     text37       011F30
__end_of_atanhi                    mediumconst  00FEC4
__end_of_atanlo                    mediumconst  00FEB4
__end_of_c1pio2                    mediumconst  00FF14
__end_of_c2pio2                    mediumconst  00FF10
__end_of_c3pio2                    mediumconst  00FF0C
__end_of_c4pio2                    mediumconst  00FF08
__end_of_configuro                 text15       0170CE
__end_of_cosf                      text28       013636
__end_of_efgtoa                    text5        0117B6
__end_of_fabsf                     text38       016F4C
__end_of_floorf                    text13       0157CA
__end_of_fputc                     text9        016808
__end_of_fputs                     text8        016E66
__end_of_half                      mediumconst  00FEF4
__end_of_i2c1_fsmStateTable        mediumconst  00FEA4
__end_of_invpio2                   mediumconst  00FEF0
__end_of_labs                      text12       016C98
__end_of_main                      text0        013F6E
__end_of_memcpy                    text11       016D8A
__end_of_pad                       text7        016B30
__end_of_pi                        mediumconst  00FF30
__end_of_pi_lo                     mediumconst  00FF2C
__end_of_pio2_1                    mediumconst  00FEEC
__end_of_pio2_1t                   mediumconst  00FEE8
__end_of_putch                     text10       01717A
__end_of_read_prec_or_width        text4        01673E
__end_of_s1pio2                    mediumconst  00FED4
__end_of_s2pio2                    mediumconst  00FED0
__end_of_s3pio2                    mediumconst  00FECC
__end_of_s4pio2                    mediumconst  00FEC8
__end_of_sinf                      text27       01314C
__end_of_sprintf                   text1        016D3A
__end_of_sqrtf                     text35       014772
__end_of_strcpy                    text6        016EDE
__end_of_vfpfcnvrt                 text3        015382
__end_of_vfprintf                  text2        016C42
__initialization                   cinit        016E66
__mediumconst                      mediumconst  00FE6A
__pbssBANK6                        bssBANK6     0006AF
__pbssBANK7                        bssBANK7     000700
__pbssBANK8                        bssBANK8     000800
__pcinit                           cinit        016E66
__pcstackBANK5                     cstackBANK5  000560
__pcstackBANK6                     cstackBANK6  000600
__pcstackCOMRAM                    cstackCOMRAM 000501
__pdataCOMRAM                      dataCOMRAM   00055F
__pidataCOMRAM                     idataCOMRAM  01717A
__pmediumconst                     mediumconst  00FE6A
__ptext0                           text0        013AEC
__ptext1                           text1        016CEA
__ptext10                          text10       017178
__ptext11                          text11       016D3A
__ptext12                          text12       016C42
__ptext13                          text13       0155B4
__ptext14                          text14       016808
__ptext15                          text15       0170B2
__ptext16                          text16       0169D6
__ptext17                          text17       017120
__ptext18                          text18       016584
__ptext19                          text19       01706C
__ptext2                           text2        016BEC
__ptext20                          text20       016956
__ptext21                          text21       017092
__ptext22                          text22       01715A
__ptext23                          text23       0168B2
__ptext24                          text24       016B30
__ptext25                          text25       016B92
__ptext26                          text26       010000
__ptext27                          text27       012C3E
__ptext28                          text28       01314C
__ptext29                          text29       015382
__ptext3                           text3        01513C
__ptext30                          text30       014772
__ptext31                          text31       016178
__ptext32                          text32       0157CA
__ptext33                          text33       01627E
__ptext34                          text34       011F30
__ptext35                          text35       014394
__ptext36                          text36       012680
__ptext37                          text37       0117B6
__ptext38                          text38       016F16
__ptext39                          text39       016486
__ptext4                           text4        016672
__ptext40                          text40       016DDA
__ptext41                          text41       013636
__ptext42                          text42       016EDE
__ptext43                          text43       013F6E
__ptext44                          text44       014B3C
__ptext45                          text45       0159C8
__ptext46                          text46       017012
__ptext47                          text47       015CEA
__ptext48                          text48       014ECE
__ptext49                          text49       017138
__ptext5                           text5        010DBE
__ptext50                          text50       015B7C
__ptext51                          text51       015E1E
__ptext52                          text52       016F4C
__ptext53                          text53       016382
__ptext54                          text54       016066
__ptext55                          text55       015F50
__ptext56                          text56       017106
__ptext57                          text57       01714A
__ptext58                          text58       017040
__ptext59                          text59       016C98
__ptext6                           text6        016EA2
__ptext60                          text60       016FE2
__ptext61                          text61       017168
__ptext62                          text62       017170
__ptext63                          text63       016F7E
__ptext64                          text64       0170CE
__ptext65                          text65       016D8A
__ptext66                          text66       016FB0
__ptext67                          text67       016A50
__ptext68                          text68       0170EA
__ptext7                           text7        016AC2
__ptext8                           text8        016E22
__ptext9                           text9        01673E
__ramtop                           ramtop       002600
__smallconst                       smallconst   000000
_accel_offset                      bssBANK6     0006E5
_atan2f                            text36       012680
_atan2f$3487                       cstackBANK5  0005B3
_atan2f$3488                       cstackBANK5  0005B7
_atan2f$3489                       cstackBANK5  0005BB
_atanf                             text37       0117B6
_atanf$3490                        cstackBANK5  00058D
_atanf$3491                        cstackBANK5  000579
_atanf$3492                        cstackBANK5  000591
_atanf$3493                        cstackBANK5  00057D
_atanf$3494                        cstackBANK5  000581
_atanhi                            mediumconst  00FEB4
_atanlo                            mediumconst  00FEA4
_configuro                         text15       0170B2
_cosf                              text28       01314C
_cosf$2778                         cstackBANK5  00059A
_cosf$2779                         cstackBANK5  00059E
_cosf$3495                         cstackBANK5  0005A3
_current_i2c_speed                 dataCOMRAM   00055F
_dbuf                              bssBANK8     000800
_efgtoa                            text5        010DBE
_efgtoa$2953                       cstackBANK5  000590
_errno                             bssBANK7     000710
_fabsf                             text38       016F16
_flags                             bssBANK6     0006FD
_floorf                            text13       0155B4
_fputc                             text9        01673E
_fputs                             text8        016E22
_gyro_offset                       bssBANK6     0006D9
_i2c1_fsmStateTable                mediumconst  00FE6B
_labs                              text12       016C42
_main                              text0        013AEC
_memcpy                            text11       016D3A
_movement_detector                 bssBANK7     000714
_mpu6050_initialized               bssBANK6     0006FE
_pad                               text7        016AC2
_prec                              bssBANK6     0006F7
_putch                             text10       017178
_rd1RegCompleteHandler             (abs)        000000
_rd2RegCompleteHandler             (abs)        000000
_rdBlkRegCompleteHandler           (abs)        000000
_read_prec_or_width                text4        016672
_sinf                              text27       012C3E
_sinf$3066                         cstackBANK5  00059A
_sinf$3067                         cstackBANK5  00059E
_sinf$3503                         cstackBANK5  0005A4
_sprintf                           text1        016CEA
_sqrtf                             text35       014394
_strcpy                            text6        016EA2
_vfpfcnvrt                         text3        01513C
_vfprintf                          text2        016BEC
_width                             bssBANK6     0006F5
_wr1RegCompleteHandler             (abs)        000000
_wr2RegCompleteHandler             (abs)        000000
atan2f@ix                          cstackBANK5  0005C3
atan2f@iy                          cstackBANK5  0005C7
atan2f@m                           cstackBANK5  0005CB
atan2f@x                           cstackBANK5  0005A7
atan2f@y                           cstackBANK5  0005A3
atan2f@z                           cstackBANK5  0005BF
atanf@id                           cstackBANK5  00059A
atanf@ix                           cstackBANK5  00059F
atanf@s1                           cstackBANK5  000585
atanf@s2                           cstackBANK5  000589
atanf@sign                         cstackBANK5  000595
atanf@w                            cstackBANK5  000596
atanf@x                            cstackBANK5  000575
atanf@z                            cstackBANK5  00059B
cosf@ix                            cstackBANK5  0005AC
cosf@n                             cstackBANK5  0005A2
cosf@sign                          cstackBANK5  0005A7
cosf@x                             cstackBANK5  000596
cosf@y                             cstackBANK5  0005A8
efgtoa@c                           cstackBANK5  000587
efgtoa@d                           cstackBANK5  000595
efgtoa@e                           cstackBANK5  000599
efgtoa@f                           cstackBANK5  000583
efgtoa@fp                          cstackBANK5  000581
efgtoa@g                           cstackBANK5  0005AE
efgtoa@h                           cstackBANK5  0005A3
efgtoa@i                           cstackBANK5  0005A1
efgtoa@l                           cstackBANK5  0005A7
efgtoa@m                           cstackBANK5  000597
efgtoa@mode                        cstackBANK5  000593
efgtoa@n                           cstackBANK5  0005AC
efgtoa@ne                          cstackBANK5  00058A
efgtoa@nmode                       cstackBANK5  000594
efgtoa@ou                          cstackBANK5  00059D
efgtoa@p                           cstackBANK5  00058C
efgtoa@pp                          cstackBANK5  000592
efgtoa@sign                        cstackBANK5  0005AB
efgtoa@t                           cstackBANK5  00058E
efgtoa@u                           cstackBANK5  0005B2
efgtoa@w                           cstackBANK5  00059B
end_of_initialization              cinit        016E9C
fabsf@F465                         bssBANK7     000704
fabsf@u                            cstackBANK5  000571
fabsf@x                            cstackBANK5  00056D
floorf@F521                        bssBANK7     000700
floorf@e                           cstackBANK5  00057B
floorf@m                           cstackBANK5  000577
floorf@u                           cstackBANK5  00057D
floorf@x                           cstackBANK5  00056D
fputc@c                            cstackCOMRAM 000501
fputc@fp                           cstackCOMRAM 000503
fputs@c                            cstackCOMRAM 00050E
fputs@fp                           cstackCOMRAM 00050C
fputs@i                            cstackCOMRAM 00050F
fputs@s                            cstackCOMRAM 00050A
intlevel0                          text         000000
intlevel1                          text         000000
intlevel2                          text         000000
intlevel3                          text         000000
isa$std                            (abs)        000001
isa$xinst                          (abs)        000000
labs@a                             cstackCOMRAM 000501
main@buffer1                       cstackBANK6  00068B
main@pitch                         cstackBANK6  0006A7
main@roll                          cstackBANK6  0006AB
main@ypr                           cstackBANK6  00069B
memcpy@d                           cstackCOMRAM 000507
memcpy@d1                          cstackCOMRAM 000501
memcpy@n                           cstackCOMRAM 000505
memcpy@s                           cstackCOMRAM 000509
memcpy@s1                          cstackCOMRAM 000503
memcpy@tmp                         cstackCOMRAM 00050B
pad@buf                            cstackCOMRAM 000513
pad@fp                             cstackCOMRAM 000511
pad@i                              cstackCOMRAM 000518
pad@p                              cstackCOMRAM 000515
read_prec_or_width@ap              cstackCOMRAM 000503
read_prec_or_width@c               cstackCOMRAM 000507
read_prec_or_width@fmt             cstackCOMRAM 000501
read_prec_or_width@n               cstackCOMRAM 000508
sinf@n                             cstackBANK5  0005A2
sinf@sign                          cstackBANK5  0005A3
sinf@ux                            cstackBANK5  0005AC
sinf@x                             cstackBANK5  000596
sinf@y                             cstackBANK5  0005A8
sprintf@ap                         cstackBANK5  0005D9
sprintf@f                          cstackBANK5  0005DB
sprintf@fmt                        cstackBANK5  0005CF
sprintf@s                          cstackBANK5  0005CD
sqrtf@i                            cstackCOMRAM 00053B
sqrtf@ix                           cstackCOMRAM 00054F
sqrtf@m                            cstackCOMRAM 000547
sqrtf@q                            cstackCOMRAM 00053F
sqrtf@r                            cstackCOMRAM 00054B
sqrtf@s                            cstackCOMRAM 000537
sqrtf@t                            cstackCOMRAM 000543
sqrtf@x                            cstackCOMRAM 00052E
stackhi                            (abs)        000000
stacklo                            (abs)        000000
start                              init         01FFFC
start_initialization               cinit        016E66
strcpy@d                           cstackCOMRAM 000505
strcpy@dest                        cstackCOMRAM 000501
strcpy@src                         cstackCOMRAM 000503
vfpfcnvrt@ap                       cstackBANK5  0005BA
vfpfcnvrt@c                        cstackBANK5  0005C2
vfpfcnvrt@convarg                  cstackBANK5  0005BE
vfpfcnvrt@cp                       cstackBANK5  0005C3
vfpfcnvrt@fmt                      cstackBANK5  0005B8
vfpfcnvrt@fp                       cstackBANK5  0005B6
vfprintf@ap                        cstackBANK5  0005C9
vfprintf@cfmt                      cstackBANK5  0005CB
vfprintf@fmt                       cstackBANK5  0005C7
vfprintf@fp                        cstackBANK5  0005C5


MODULE INFORMATION

Module		Function		Class		Link	Load	Size
C:\Program Files\Microchip\xc8\v2.50\pic\sources\c99\common\memcpy.c
		_memcpy        		CODE           	16D3A	0000	80

C:\Program Files\Microchip\xc8\v2.50\pic\sources\c99\common\memcpy.c estimated size: 80

C:\Program Files\Microchip\xc8\v2.50\pic\sources\c99\common\flneg.c
		___flneg       		CODE           	16EDE	0000	56

C:\Program Files\Microchip\xc8\v2.50\pic\sources\c99\common\flneg.c estimated size: 56

C:\Program Files\Microchip\xc8\v2.50\pic\sources\c99\common\fabsf.c
		_fabsf         		CODE           	16F16	0000	54

C:\Program Files\Microchip\xc8\v2.50\pic\sources\c99\common\fabsf.c estimated size: 54

C:\Program Files\Microchip\xc8\v2.50\pic\sources\c99\common\atanf.c
		_atanf         		CODE           	117B6	0000	1914

C:\Program Files\Microchip\xc8\v2.50\pic\sources\c99\common\atanf.c estimated size: 1914

C:\Program Files\Microchip\xc8\v2.50\pic\sources\c99\common\__cosdf.c
		___cosdf       		CODE           	157CA	0000	510

C:\Program Files\Microchip\xc8\v2.50\pic\sources\c99\common\__cosdf.c estimated size: 510

C:\Program Files\Microchip\xc8\v2.50\pic\sources\c99\common\nf_fputs.c
		_fputs         		CODE           	16E22	0000	68

C:\Program Files\Microchip\xc8\v2.50\pic\sources\c99\common\nf_fputs.c estimated size: 68

C:\Program Files\Microchip\xc8\v2.50\pic\sources\c99\common\sprcmul.c
		___flmul       		CODE           	13F6E	0000	1062

C:\Program Files\Microchip\xc8\v2.50\pic\sources\c99\common\sprcmul.c estimated size: 1062

I2C_LIB.c
		_I2C1_Initialize		CODE           	170CE	0000	28

I2C_LIB.c estimated size: 28

p_final.c
		_configuro     		CODE           	170B2	0000	28
		_main          		CODE           	13AEC	0000	1154
		_LCD_init      		CODE           	17040	0000	44

p_final.c estimated size: 1226

C:\Program Files\Microchip\xc8\v2.50\pic\sources\c99\common\__sindf.c
		___sindf       		CODE           	15382	0000	562

C:\Program Files\Microchip\xc8\v2.50\pic\sources\c99\common\__sindf.c estimated size: 562

C:\Program Files\Microchip\xc8\v2.50\pic\sources\c99\common\sprcdiv.c
		___fldiv       		CODE           	14B3C	0000	914

C:\Program Files\Microchip\xc8\v2.50\pic\sources\c99\common\sprcdiv.c estimated size: 914

C:\Program Files\Microchip\xc8\v2.50\pic\sources\c99\common\floorf.c
		_floorf        		CODE           	155B4	0000	534

C:\Program Files\Microchip\xc8\v2.50\pic\sources\c99\common\floorf.c estimated size: 534

C:\Program Files\Microchip\xc8\v2.50\pic\sources\c99\common\putch.c
		_putch         		CODE           	17178	0000	2

C:\Program Files\Microchip\xc8\v2.50\pic\sources\c99\common\putch.c estimated size: 2

C:\Program Files\Microchip\xc8\v2.50\pic\sources\c99\common\fleq.c
		___fleq        		CODE           	16808	0000	170

C:\Program Files\Microchip\xc8\v2.50\pic\sources\c99\common\fleq.c estimated size: 170

C:\Program Files\Microchip\xc8\v2.50\pic\sources\c99\common\xxtofl.c
		___xxtofl      		CODE           	159C8	0000	436

C:\Program Files\Microchip\xc8\v2.50\pic\sources\c99\common\xxtofl.c estimated size: 436

C:\Program Files\Microchip\xc8\v2.50\pic\sources\c99\common\__rem_pio2f.c
		___rem_pio2f   		CODE           	14772	0000	970

C:\Program Files\Microchip\xc8\v2.50\pic\sources\c99\common\__rem_pio2f.c estimated size: 970

MPU6050_DMP.c
		_MPU6050_DMP_GetData		CODE           	10000	0000	3518
		_MPU6050_ReadRegisters		CODE           	17012	0000	46
		_MPU6050_CombineBytes		CODE           	17106	0000	26
		_MPU6050_WriteRegister		CODE           	1706C	0000	38
		_MPU6050_ReadRegister		CODE           	1715A	0000	14
		_MPU6050_Init  		CODE           	16584	0000	238
		_MPU6050_DMP_Init		CODE           	17120	0000	24
		_MPU6050_TestConnection		CODE           	17092	0000	32
		_GetTimestamp_ms		CODE           	1714A	0000	16
		_MovingAverage_Reset		CODE           	16B92	0000	90
		_MPU6050_Movement_Init		CODE           	16B30	0000	98
		_MPU6050_ReadAll		CODE           	11F30	0000	1872

MPU6050_DMP.c estimated size: 6012

C:\Program Files\Microchip\xc8\v2.50\pic\sources\c99\common\__fpclassifyf.c
		___fpclassifyf 		CODE           	16486	0000	254

C:\Program Files\Microchip\xc8\v2.50\pic\sources\c99\common\__fpclassifyf.c estimated size: 254

C:\Program Files\Microchip\xc8\v2.50\pic\sources\c99\common\strcpy.c
		_strcpy        		CODE           	16EA2	0000	60

C:\Program Files\Microchip\xc8\v2.50\pic\sources\c99\common\strcpy.c estimated size: 60

C:\Program Files\Microchip\xc8\v2.50\pic\sources\c99\common\sprcadd.c
		___flsub       		CODE           	16DDA	0000	72
		___fladd       		CODE           	13636	0000	1206

C:\Program Files\Microchip\xc8\v2.50\pic\sources\c99\common\sprcadd.c estimated size: 1278

C:\Program Files\Microchip\xc8\v2.50\pic\sources\c99\common\nf_sprintf.c
		_sprintf       		CODE           	16CEA	0000	80

C:\Program Files\Microchip\xc8\v2.50\pic\sources\c99\common\nf_sprintf.c estimated size: 80

C:\Program Files\Microchip\xc8\v2.50\pic\sources\c99\common\nf_fputc.c
		_fputc         		CODE           	1673E	0000	202

C:\Program Files\Microchip\xc8\v2.50\pic\sources\c99\common\nf_fputc.c estimated size: 202

shared
		_S1            		MEDIUMCONST    	0000	0000	0
		_aT1           		MEDIUMCONST    	0000	0000	0
		_S2            		MEDIUMCONST    	0000	0000	0
		_S3            		MEDIUMCONST    	0000	0000	0
		_aT2           		MEDIUMCONST    	0000	0000	0
		_S4            		MEDIUMCONST    	0000	0000	0
		_aT3           		MEDIUMCONST    	0000	0000	0
		_aT4           		MEDIUMCONST    	0000	0000	0
		_atanhi        		MEDIUMCONST    	FEB4	0000	16
		_c1pio2        		MEDIUMCONST    	0000	0000	0
		_c2pio2        		MEDIUMCONST    	0000	0000	0
		_c3pio2        		MEDIUMCONST    	0000	0000	0
		_c4pio2        		MEDIUMCONST    	0000	0000	0
		_s1pio2        		MEDIUMCONST    	0000	0000	0
		__initialization		CODE           	16E66	0000	54
		_s2pio2        		MEDIUMCONST    	0000	0000	0
		_pi            		MEDIUMCONST    	0000	0000	0
		_s3pio2        		MEDIUMCONST    	0000	0000	0
		_s4pio2        		MEDIUMCONST    	0000	0000	0
		_pio2_1t       		MEDIUMCONST    	0000	0000	0
		_i2c1_fsmStateTable		MEDIUMCONST    	FE6B	0000	57
		_half          		MEDIUMCONST    	0000	0000	0
		_pio2_1        		MEDIUMCONST    	0000	0000	0
		_C0            		MEDIUMCONST    	0000	0000	0
		_C1            		MEDIUMCONST    	0000	0000	0
		_C2            		MEDIUMCONST    	0000	0000	0
		_C3            		MEDIUMCONST    	0000	0000	0
		_invpio2       		MEDIUMCONST    	0000	0000	0
		_aT0           		MEDIUMCONST    	0000	0000	0
		_pi_lo         		MEDIUMCONST    	0000	0000	0
		_atanlo        		MEDIUMCONST    	FEA4	0000	16

shared estimated size: 143

Software_I2C.c
		_SW_I2C_WriteRegister		CODE           	16956	0000	128
		_SW_I2C_Stop   		CODE           	15B7C	0000	366
		_SW_I2C_Start  		CODE           	15E1E	0000	306
		_SW_I2C_IsBusFree		CODE           	16F4C	0000	50
		_SW_I2C_ReadBlock		CODE           	15CEA	0000	308
		_SW_I2C_WriteByte		CODE           	14ECE	0000	622
		_SW_I2C_SendAck		CODE           	15F50	0000	278
		_SW_I2C_Restart		CODE           	17138	0000	18
		_SW_I2C_ReadRegister		CODE           	168B2	0000	164
		_SW_I2C_SendNack		CODE           	16066	0000	274
		_SW_I2C_ReadByte		CODE           	16382	0000	260

Software_I2C.c estimated size: 2774

C:\Program Files\Microchip\xc8\v2.50\pic\sources\c99\common\sqrtf.c
		_sqrtf         		CODE           	14394	0000	990

C:\Program Files\Microchip\xc8\v2.50\pic\sources\c99\common\sqrtf.c estimated size: 990

C:\Program Files\Microchip\xc8\v2.50\pic\sources\c99\common\fltol.c
		___fltol       		CODE           	16178	0000	262

C:\Program Files\Microchip\xc8\v2.50\pic\sources\c99\common\fltol.c estimated size: 262

C:\Program Files\Microchip\xc8\v2.50\pic\sources\c99\common\doprnt.c
		_read_prec_or_width		CODE           	16672	0000	204
		_vfpfcnvrt     		CODE           	1513C	0000	582
		_efgtoa        		CODE           	10DBE	0000	2552
		_pad           		CODE           	16AC2	0000	110
		_vfprintf      		CODE           	16BEC	0000	86

C:\Program Files\Microchip\xc8\v2.50\pic\sources\c99\common\doprnt.c estimated size: 3534

C:\Program Files\Microchip\xc8\v2.50\pic\sources\c99\common\sinf.c
		_sinf          		CODE           	12C3E	0000	1294

C:\Program Files\Microchip\xc8\v2.50\pic\sources\c99\common\sinf.c estimated size: 1294

C:\Program Files\Microchip\xc8\v2.50\pic\sources\c99\common\labs.c
		_labs          		CODE           	16C42	0000	86

C:\Program Files\Microchip\xc8\v2.50\pic\sources\c99\common\labs.c estimated size: 86

C:\Program Files\Microchip\xc8\v2.50\pic\sources\c99\common\atan2f.c
		_atan2f        		CODE           	12680	0000	1470

C:\Program Files\Microchip\xc8\v2.50\pic\sources\c99\common\atan2f.c estimated size: 1470

C:\Program Files\Microchip\xc8\v2.50\pic\sources\c99\common\cosf.c
		_cosf          		CODE           	1314C	0000	1258

C:\Program Files\Microchip\xc8\v2.50\pic\sources\c99\common\cosf.c estimated size: 1258

C:\Program Files\Microchip\xc8\v2.50\pic\sources\c99\common\flge.c
		___flge        		CODE           	1627E	0000	260

C:\Program Files\Microchip\xc8\v2.50\pic\sources\c99\common\flge.c estimated size: 260

LCD.c
		_ENVIA_NIBBLE  		CODE           	170EA	0000	28
		_ENVIA_CHAR    		CODE           	16FB0	0000	50
		_CURSOR_HOME   		CODE           	17168	0000	8
		_CURSOR_ONOFF  		CODE           	16FE2	0000	48
		_POS_CURSOR    		CODE           	169D6	0000	122
		_ESCRIBE_MENSAJE		CODE           	16D8A	0000	80
		_ENVIA_LCD_CMD 		CODE           	16F7E	0000	50
		_LCD_CONFIG    		CODE           	16C98	0000	82
		_BORRAR_LCD    		CODE           	17170	0000	8
		_LEER_LCD      		CODE           	16A50	0000	114

LCD.c estimated size: 590

